// Jest Snapshot v1, https://goo.gl/fbAQLP

exports[`Switch base theme renders as expected 1`] = `
.c8 {
  cursor: pointer;
  opacity: 0;
  margin: 0;
  position: relative;
  z-index: 999;
}

.c2 + .c2 {
  margin-top: 16px;
}

.c4 {
  display: block;
}

.c6 {
  display: inline-block;
  position: relative;
}

.c1 .c3 {
  display: -webkit-box;
  display: -webkit-flex;
  display: -ms-flexbox;
  display: flex;
}

.c1 .sc-hKFxyN {
  padding-top: 0;
  width: auto;
}

.c1 .sc-hKFxyN .sc-iCoGMd,
.c1 .sc-hKFxyN .sc-fujyAs {
  color: rgba(0,0,0,0.65);
  vertical-align: middle;
}

.c1 .sc-hKFxyN .sc-iCoGMd:hover,
.c1 .sc-hKFxyN .sc-fujyAs:hover,
.c1 .sc-hKFxyN .sc-iCoGMd:focus,
.c1 .sc-hKFxyN .sc-fujyAs:focus {
  color: rgba(0,0,0,0.9);
}

.c1 .sc-bdnxRM {
  -webkit-flex-basis: 100%;
  -ms-flex-preferred-size: 100%;
  flex-basis: 100%;
}

.c11 {
  border: 0;
  color: #FFFFFF;
  margin: auto;
  margin-top: 5px;
}

.c11[type="on"] {
  margin-left: 9px;
}

.c11[type="off"] {
  color: rgba(0,0,0,0.9);
  margin-right: 6px;
}

.c10 {
  background-color: #CCD6DB;
  display: -webkit-box;
  display: -webkit-flex;
  display: -ms-flexbox;
  display: flex;
  font-size: 12px;
  font-weight: bold;
  height: 24px;
  left: 0;
  -webkit-letter-spacing: 1px;
  -moz-letter-spacing: 1px;
  -ms-letter-spacing: 1px;
  letter-spacing: 1px;
  position: absolute;
  top: 0;
  width: 60px;
  z-index: 2;
}

.c10::before {
  background-color: #FFFFFF;
  bottom: 2px;
  box-shadow: 0 3px 3px 0 rgba(0,20,29,0.2),0 2px 4px 0 rgba(0,20,29,0.15);
  content: "";
  height: 20px;
  position: absolute;
  left: 2px;
  -webkit-transition: -webkit-transform 0.4s;
  -webkit-transition: transform 0.4s;
  transition: transform 0.4s;
  width: 20px;
  z-index: 1;
}

.c10 .sc-fujyAs {
  position: absolute;
  right: -30px;
  height: 100%;
}

.c0 .c3 {
  display: -webkit-box;
  display: -webkit-flex;
  display: -ms-flexbox;
  display: flex;
  -webkit-flex-flow: row wrap;
  -ms-flex-flow: row wrap;
  flex-flow: row wrap;
}

.c0 .c5,
.c0 .c7 {
  border: none;
  box-sizing: border-box;
  height: 24px;
  width: 60px;
  -webkit-flex-basis: 100%;
  -ms-flex-preferred-size: 100%;
  flex-basis: 100%;
  margin-left: 0;
}

.c0 .c7:not([disabled]):focus + .c9,
.c0 .c7:not([disabled]):hover + .c9 {
  outline: solid 3px #FFB500;
}

.c0 .sc-bdnxRM {
  margin-left: 0;
}

.c0 .sc-hKFxyN {
  padding: 0;
  margin-bottom: 8px;
}

.c0 .sc-hKFxyN .sc-fujyAs {
  position: relative;
  display: inline-block;
}

<div
  checked={false}
  className="c0"
  data-component="Switch"
  name="my-switch"
>
  <div
    checked={false}
    className="c1"
    name="my-switch"
  >
    <div
      className="c2 "
    >
      <div
        className="c3 c4"
      >
        <div
          className="c5 c6"
        >
          <input
            aria-checked={false}
            aria-describedby="guid-12345-help"
            aria-labelledby="guid-12345-label"
            checked={false}
            className="c7 c8"
            id="guid-12345"
            name="my-switch"
            onBlur={[Function]}
            onChange={[Function]}
            onFocus={[Function]}
            onMouseEnter={[Function]}
            onMouseLeave={[Function]}
            role="checkbox"
            type="checkbox"
            value="test"
          />
          <span
            checked={false}
            className="c9 c10"
          >
            <div
              className="c11"
              type="off"
            >
              OFF
            </div>
          </span>
        </div>
      </div>
    </div>
  </div>
</div>
`;
