// Jest Snapshot v1, https://goo.gl/fbAQLP

exports[`SwitchSlider base theme renders as expected 1`] = `
.c1 {
  border: 0;
  color: #FFFFFF;
  margin: auto;
  margin-top: 5px;
}

.c1[type="on"] {
  margin-left: 9px;
}

.c1[type="off"] {
  color: rgba(0,0,0,0.9);
  margin-right: 6px;
}

.c0 {
  background-color: #CCD6DB;
  display: -webkit-box;
  display: -webkit-flex;
  display: -ms-flexbox;
  display: flex;
  font-size: 12px;
  font-weight: bold;
  height: 24px;
  left: 0;
  -webkit-letter-spacing: 1px;
  -moz-letter-spacing: 1px;
  -ms-letter-spacing: 1px;
  letter-spacing: 1px;
  position: absolute;
  top: 0;
  width: 60px;
  z-index: 2;
}

.c0::before {
  background-color: #FFFFFF;
  bottom: 2px;
  box-shadow: 0 3px 3px 0 rgba(0,20,29,0.2),0 2px 4px 0 rgba(0,20,29,0.15);
  content: "";
  height: 20px;
  position: absolute;
  left: 2px;
  -webkit-transition: -webkit-transform 0.4s;
  -webkit-transition: transform 0.4s;
  transition: transform 0.4s;
  width: 20px;
  z-index: 1;
}

.c0 .sc-eCApnc {
  position: absolute;
  right: -30px;
  height: 100%;
}

<span
  className="c0"
>
  <div
    className="c1"
    type="off"
  >
    OFF
  </div>
</span>
`;
