// Jest Snapshot v1, https://goo.gl/fbAQLP

exports[`SplitButton for business themes renders styles correctly 1`] = `
.c7 {
  display: inline-block;
  position: relative;
  color: #008200;
  background-color: transparent;
  vertical-align: middle;
}

.c7:hover {
  color: #006800;
  background-color: transparent;
}

.c7::before {
  -webkit-font-smoothing: antialiased;
  -moz-osx-font-smoothing: grayscale;
  font-family: CarbonIcons;
  content: "\\e910";
  font-size: 16px;
  font-style: normal;
  font-weight: normal;
  line-height: 16px;
  vertical-align: middle;
  display: block;
}

.c2 {
  padding-left: 24px;
  padding-right: 24px;
  -webkit-align-items: center;
  -webkit-box-align: center;
  -ms-flex-align: center;
  align-items: center;
  cursor: pointer;
  display: -webkit-inline-box;
  display: -webkit-inline-flex;
  display: -ms-inline-flexbox;
  display: inline-flex;
  -webkit-flex-direction: column;
  -ms-flex-direction: column;
  flex-direction: column;
  -webkit-flex-flow: wrap;
  -ms-flex-flow: wrap;
  flex-flow: wrap;
  border-radius: 0;
  -webkit-box-pack: center;
  -webkit-justify-content: center;
  -ms-flex-pack: center;
  justify-content: center;
  vertical-align: middle;
  outline-offset: 0;
  border: 2px solid transparent;
  box-sizing: border-box;
  font-weight: 600;
  -webkit-text-decoration: none;
  text-decoration: none;
  background: transparent;
  border-color: #008200;
  color: #008200;
  font-size: 14px;
  min-height: 40px;
}

.c2:focus {
  outline: solid 3px #FFB500;
}

.c2:hover {
  background: #006300;
  border-color: #006300;
  color: #FFFFFF;
}

.c2:hover .c6 {
  color: #FFFFFF;
}

.c2 .c6 {
  margin-left: 0px;
  margin-right: 8px;
  margin-bottom: 0px;
  height: 16px;
}

.c2 .c6 svg {
  margin-top: 0;
}

.c4 {
  -webkit-align-items: center;
  -webkit-box-align: center;
  -ms-flex-align: center;
  align-items: center;
  cursor: pointer;
  display: -webkit-inline-box;
  display: -webkit-inline-flex;
  display: -ms-inline-flexbox;
  display: inline-flex;
  -webkit-flex-direction: column;
  -ms-flex-direction: column;
  flex-direction: column;
  -webkit-flex-flow: wrap;
  -ms-flex-flow: wrap;
  flex-flow: wrap;
  border-radius: 0;
  -webkit-box-pack: center;
  -webkit-justify-content: center;
  -ms-flex-pack: center;
  justify-content: center;
  vertical-align: middle;
  outline-offset: 0;
  border: 2px solid transparent;
  box-sizing: border-box;
  font-weight: 600;
  -webkit-text-decoration: none;
  text-decoration: none;
  background: transparent;
  border-color: #008200;
  color: #008200;
  font-size: 14px;
  min-height: 40px;
}

.c4:focus {
  outline: solid 3px #FFB500;
}

.c4:hover {
  background: #006300;
  border-color: #006300;
  color: #FFFFFF;
}

.c4:hover .c6 {
  color: #FFFFFF;
}

.c4 .c6 {
  margin-left: 0px;
  margin-right: 0px;
  margin-bottom: 0px;
  height: 16px;
}

.c4 .c6 svg {
  margin-top: 0;
}

.c0 {
  display: inline-block;
  position: relative;
}

.c0 > .c1 {
  margin: 0;
}

.c0 > .c1:focus {
  border: 3px solid #FFB500;
  outline: none;
  margin: -1px;
}

.c5 {
  border-left-width: 0;
  padding: 0 10px;
}

.c1 + .c3 {
  margin-left: 0;
}

.c1 + .c3:focus {
  margin-left: -3px;
}

.c1 + .c3 .c6 {
  margin-left: 0;
}

<div
  aria-haspopup="true"
  className="c0"
  data-component="split-button"
  data-element="bar"
  data-role="baz"
  onMouseLeave={[Function]}
>
  <button
    className="c1 c2"
    data-component="button"
    data-element="main-button"
    disabled={false}
    draggable={false}
    id="guid-12345"
    onFocus={[Function]}
    onMouseEnter={[Function]}
    onTouchStart={[Function]}
    role="button"
    size="medium"
    type="button"
  >
    <span>
      <span
        data-element="main-text"
      >
        Split button
      </span>
    </span>
  </button>
  <button
    aria-expanded={false}
    aria-haspopup="true"
    aria-label="Show more"
    className="c1 c3 c4 c5"
    data-element="toggle-button"
    disabled={false}
    onBlur={[Function]}
    onFocus={[Function]}
    onKeyDown={[Function]}
    onMouseEnter={[Function]}
    onTouchStart={[Function]}
    size="medium"
  >
    <span
      className="c6 c7"
      data-component="icon"
      data-element="dropdown"
      disabled={false}
      fontSize="small"
      type="dropdown"
    />
  </button>
</div>
`;
