// Jest Snapshot v1, https://goo.gl/fbAQLP

exports[`InputPresentation renders presentational div and context provider for its children 1`] = `
.c0 {
  -webkit-flex: 0 0 %;
  -ms-flex: 0 0 %;
  flex: 0 0 %;
  display: -webkit-box;
  display: -webkit-flex;
  display: -ms-flexbox;
  display: flex;
  position: relative;
}

.c1 {
  -webkit-align-items: stretch;
  -webkit-box-align: stretch;
  -ms-flex-align: stretch;
  align-items: stretch;
  background: #fff;
  border: 1px solid #668592;
  box-sizing: border-box;
  cursor: text;
  display: -webkit-box;
  display: -webkit-flex;
  display: -ms-flexbox;
  display: flex;
  -webkit-flex-wrap: wrap;
  -ms-flex-wrap: wrap;
  flex-wrap: wrap;
  width: 100%;
  margin: 0;
  min-height: 40px;
  padding-left: 11px;
  padding-right: 11px;
}

.c1 .sc-bdnxRM:-webkit-autofill {
  margin-top: 2px;
}

.c1 input::-ms-clear {
  display: none;
}

.c1 input::-webkit-contacts-auto-fill-button {
  display: none !important;
}

<div
  className="c0"
>
  <div
    className="c1"
    onMouseEnter={[Function]}
    onMouseLeave={[Function]}
    role="presentation"
    size="medium"
  >
    sample children
  </div>
</div>
`;
