// Jest Snapshot v1, https://goo.gl/fbAQLP

exports[`TableRow render if is not classic theme renders a row to match the snapshot 1`] = `
.c4 {
  background-color: #F2F5F6;
  border-width: 0;
  border-bottom: 1px solid #CCD6DB;
  font-size: 13px;
  overflow: visible;
  padding: 8px;
  text-align: left;
  vertical-align: middle;
  white-space: nowrap;
}

.c4 > .common-input {
  margin-bottom: -4px;
  margin-left: -6px;
  margin-right: -6px;
  margin-top: -4px;
}

.c2 .c3 {
  background-color: #FFFFFF;
}

.custom-drag-layer .c2.c2 {
  background-color: #E6EBED;
  display: block;
}

.custom-drag-layer .c2.c2 .c3 {
  background-color: #E6EBED;
  border: none;
}

.c2:hover .c3 {
  background-color: #F2F5F6;
}

.c2 .sc-bdnxRM {
  cursor: move;
  cursor: -webkit-grab;
  cursor: -moz-grab;
  cursor: grab;
}

.custom-drag-layer .c2.c2 .sc-bdnxRM {
  cursor: move;
  cursor: -webkit-grabbing;
  cursor: -moz-grabbing;
  cursor: grabbing;
}

.c2 .c3 {
  border-top: 1px solid transparent;
}

.c2 .c3:first-child {
  border-left: 1px solid transparent;
}

.c2 .c3:last-child {
  border-right: 1px solid transparent;
}

.c5 .c3 {
  background-color: #FFFFFF;
}

.custom-drag-layer .c5.c5 .c3 {
  background-color: #E6EBED;
  border: none;
}

.c5:hover .c3 {
  background-color: #F2F5F6;
}

.c5 .c3 {
  border-top: 1px solid transparent;
}

.c5 .c3:first-child {
  border-left: 1px solid transparent;
}

.c5 .c3:last-child {
  border-right: 1px solid transparent;
}

.c0 {
  border-collapse: separate;
  border-radius: 0px;
  border-spacing: 0;
  min-width: 100%;
  table-layout: fixed;
  width: auto;
  word-break: break-all;
  background-color: #FFFFFF;
}

.c0 .c1 {
  height: 40px;
}

.c0 .c1 .c3,
.c0 .c1 .sc-ksluID {
  font-size: 14px;
  padding-left: 11px;
  padding-right: 11px;
}

.c0 .c1:hover .c3 {
  background-color: #F2F5F6;
}

.c0 caption {
  -webkit-clip: rect(1px,1px,1px,1px);
  clip: rect(1px,1px,1px,1px);
  height: 1px;
  overflow: hidden;
  width: 1px;
  position: absolute;
  top: -99999px;
}

.c0 .c1:last-child .c3 {
  border-bottom-color: transparent;
}

<table
  className="c0"
  size="medium"
>
  <tr
    className="c1 c2"
    data-component="table-row"
  >
    <td
      className="c3 c4"
      data-component="table-cell"
    />
  </tr>
</table>
`;
