// Jest Snapshot v1, https://goo.gl/fbAQLP

exports[`RadioButton base renders as expected 1`] = `
.c4 + .c4 {
  margin-top: 16px;
}

.c6 {
  display: -webkit-box;
  display: -webkit-flex;
  display: -ms-flexbox;
  display: flex;
}

.c10 {
  cursor: pointer;
  opacity: 0;
  margin: 0;
  position: relative;
  z-index: 999;
}

.c8 {
  display: inline-block;
  position: relative;
}

.c3 .c5 {
  display: -webkit-box;
  display: -webkit-flex;
  display: -ms-flexbox;
  display: flex;
}

.c3 .sc-jSFjdj {
  -webkit-box-pack: start;
  -webkit-justify-content: flex-start;
  -ms-flex-pack: start;
  justify-content: flex-start;
  padding-top: 0;
  width: auto;
}

.c3 .sc-jSFjdj .sc-iCoGMd,
.c3 .sc-jSFjdj .sc-fujyAs {
  color: rgba(0,0,0,0.65);
  vertical-align: middle;
}

.c3 .sc-jSFjdj .sc-iCoGMd:hover,
.c3 .sc-jSFjdj .sc-fujyAs:hover,
.c3 .sc-jSFjdj .sc-iCoGMd:focus,
.c3 .sc-jSFjdj .sc-fujyAs:focus {
  color: rgba(0,0,0,0.9);
}

.c3 .sc-bdnxRM {
  -webkit-flex-basis: 100%;
  -ms-flex-preferred-size: 100%;
  flex-basis: 100%;
}

.c1 .c7 {
  padding-top: 1px;
}

.c1 .{
  height: 16px;
}

.c1 svg {
  background-color: #FFFFFF;
  border: 1px solid #668592;
}

.c1 .c9,
.c1 svg {
  height: 16px;
  position: absolute;
  padding: 1px;
}

.c1 .c7,
.c1 .c9,
.c1 .,
.c1 svg {
  box-sizing: border-box;
  min-width: 16px;
  width: 16px;
}

.c1 .c9:not([disabled]):focus + .,
.c1 .c9:not([disabled]):hover + .{
  box-shadow: 0 0 0 3px #FFB500;
}

.c1 .sc-jSFjdj {
  width: auto;
  -webkit-flex: 0 1 auto;
  -ms-flex: 0 1 auto;
  flex: 0 1 auto;
}

.c1 .sc-bdnxRM {
  margin-left: 16px;
  margin-top: 0;
  padding-left: 8px;
}

.c1 .sc-fujyAs {
  position: relative;
  display: inline-block;
}

.c1 .c9:checked ~ .svg path {
  fill: rgba(0,0,0,0.90);
}

.c2 {
  margin-bottom: 16px;
}

.c2:last-of-type {
  margin-bottom: 0;
}

.c2.c2 .c4 {
  margin: 0;
}

.c2 .{
  padding: 0;
}

.c2 .,
.c2 svg {
  border-radius: 50%;
}

.c2 .c7,
.c2 .c9,
.c2 .,
.c2 svg {
  height: 16px;
  width: 16px;
}

.c2 svg {
  padding: 1px;
}

.c2 circle {
  r: 5;
}

.c2 .sc-jSFjdj {
  -webkit-flex: 1 1 calc(100% - 44px);
  -ms-flex: 1 1 calc(100% - 44px);
  flex: 1 1 calc(100% - 44px);
}

.c2 .c9:checked + .circle {
  fill: rgba(0,0,0,0.9);
}

.c0 {
  margin: 0;
  border: none;
  padding: 0;
  min-width: 0;
  min-inline-size: 0;
}

<fieldset
  className="c0"
  data-component="radiogroup"
  role="radiogroup"
>
  <div
    className=""
  >
    <div
      className=""
      data-component="radio-button-group"
      role="group"
    >
      <div
        className="c1 c2"
        data-component="radio-button"
      >
        <div
          checked={false}
          className="c3"
          name="my-radio-group"
        >
          <div
            className="c4 "
          >
            <div
              className="c5 c6"
            >
              <div
                className="c7 c8"
              >
                <input
                  aria-checked={false}
                  aria-describedby="guid-12345-help"
                  aria-labelledby="guid-12345-label"
                  checked={false}
                  className="c9 c10"
                  id="guid-12345"
                  name="my-radio-group"
                  onBlur={[Function]}
                  onChange={[Function]}
                  onFocus={[Function]}
                  onMouseEnter={[Function]}
                  onMouseLeave={[Function]}
                  role="radio"
                  type="radio"
                  value="test"
                />
                <div
                  className=""
                >
                  <svg
                    focusable="false"
                    viewBox="0 0 15 15"
                  >
                    <g
                      fill="none"
                      fillRule="evenodd"
                      stroke="none"
                      strokeWidth="1"
                    >
                      <circle
                        className="radio-button-check"
                        cx="7.5"
                        cy="7.5"
                        fill="#FFFFFF"
                        r="5"
                      />
                    </g>
                  </svg>
                </div>
              </div>
            </div>
          </div>
        </div>
      </div>
    </div>
  </div>
</fieldset>
`;
