// Jest Snapshot v1, https://goo.gl/fbAQLP

exports[`RadioButtonGroup renders as expected 1`] = `
.c5 + .c5 {
  margin-top: 16px;
}

.c7 {
  display: -webkit-box;
  display: -webkit-flex;
  display: -ms-flexbox;
  display: flex;
}

.c11 {
  cursor: pointer;
  opacity: 0;
  margin: 0;
  position: relative;
  z-index: 999;
}

.c9 {
  display: inline-block;
  position: relative;
}

.c4 .c6 {
  display: -webkit-box;
  display: -webkit-flex;
  display: -ms-flexbox;
  display: flex;
}

.c4 .sc-jSFjdj {
  -webkit-box-pack: start;
  -webkit-justify-content: flex-start;
  -ms-flex-pack: start;
  justify-content: flex-start;
  padding-top: 0;
  width: auto;
}

.c4 .sc-jSFjdj .sc-iCoGMd,
.c4 .sc-jSFjdj .sc-fujyAs {
  color: rgba(0,0,0,0.65);
  vertical-align: middle;
}

.c4 .sc-jSFjdj .sc-iCoGMd:hover,
.c4 .sc-jSFjdj .sc-fujyAs:hover,
.c4 .sc-jSFjdj .sc-iCoGMd:focus,
.c4 .sc-jSFjdj .sc-fujyAs:focus {
  color: rgba(0,0,0,0.9);
}

.c4 .sc-bdnxRM {
  -webkit-flex-basis: 100%;
  -ms-flex-preferred-size: 100%;
  flex-basis: 100%;
}

.c2 .c8 {
  padding-top: 1px;
}

.c2 .{
  height: 16px;
}

.c2 svg {
  background-color: #FFFFFF;
  border: 1px solid #668592;
}

.c2 .c10,
.c2 svg {
  height: 16px;
  position: absolute;
  padding: 1px;
}

.c2 .c8,
.c2 .c10,
.c2 .,
.c2 svg {
  box-sizing: border-box;
  min-width: 16px;
  width: 16px;
}

.c2 .c10:not([disabled]):focus + .,
.c2 .c10:not([disabled]):hover + .{
  box-shadow: 0 0 0 3px #FFB500;
}

.c2 .sc-jSFjdj {
  width: auto;
  -webkit-flex: 0 1 auto;
  -ms-flex: 0 1 auto;
  flex: 0 1 auto;
}

.c2 .sc-bdnxRM {
  margin-left: 16px;
  margin-top: 0;
  padding-left: 8px;
}

.c2 .sc-fujyAs {
  position: relative;
  display: inline-block;
}

.c2 .c10:checked ~ .svg path {
  fill: rgba(0,0,0,0.90);
}

.c3 {
  margin-bottom: 16px;
}

.c3:last-of-type {
  margin-bottom: 0;
}

.c3.c3 .c5 {
  margin: 0;
}

.c3 .{
  padding: 0;
}

.c3 .,
.c3 svg {
  border-radius: 50%;
}

.c3 .c8,
.c3 .c10,
.c3 .,
.c3 svg {
  height: 16px;
  width: 16px;
}

.c3 svg {
  padding: 1px;
}

.c3 circle {
  r: 5;
}

.c3 .sc-jSFjdj {
  -webkit-flex: 1 1 calc(100% - 44px);
  -ms-flex: 1 1 calc(100% - 44px);
  flex: 1 1 calc(100% - 44px);
}

.c3 .c10:checked + .circle {
  fill: rgba(0,0,0,0.9);
}

.c0 {
  margin: 0;
  border: none;
  padding: 0;
  min-width: 0;
  min-inline-size: 0;
}

.c1 {
  display: -webkit-box;
  display: -webkit-flex;
  display: -ms-flexbox;
  display: flex;
  -webkit-align-items: flex-start;
  -webkit-box-align: flex-start;
  -ms-flex-align: flex-start;
  align-items: flex-start;
  margin-bottom: 8px;
}

.c1 legend {
  padding: 0;
  font-weight: 600;
  line-height: 24px;
}

<fieldset
  className="c0"
  data-component="radiogroup"
  role="radiogroup"
>
  <div
    className=""
  >
    <div
      className="c1"
    >
      <legend>
        Test RadioButtonGroup Legend
      </legend>
    </div>
    <div
      className=""
      data-component="radio-button-group"
      role="group"
    >
      <div
        className="c2 c3"
        data-component="radio-button"
      >
        <div
          checked={false}
          className="c4"
          name="test-group"
        >
          <div
            className="c5 "
          >
            <div
              className="c6 c7"
            >
              <div
                className="c8 c9"
              >
                <input
                  aria-checked={false}
                  aria-describedby="rId-0-help"
                  aria-labelledby="rId-0-label"
                  checked={false}
                  className="c10 c11"
                  id="rId-0"
                  name="test-group"
                  onBlur={[Function]}
                  onChange={[Function]}
                  onFocus={[Function]}
                  onMouseEnter={[Function]}
                  onMouseLeave={[Function]}
                  role="radio"
                  type="radio"
                  value="test-1"
                />
                <div
                  className=""
                >
                  <svg
                    focusable="false"
                    viewBox="0 0 15 15"
                  >
                    <g
                      fill="none"
                      fillRule="evenodd"
                      stroke="none"
                      strokeWidth="1"
                    >
                      <circle
                        className="radio-button-check"
                        cx="7.5"
                        cy="7.5"
                        fill="#FFFFFF"
                        r="5"
                      />
                    </g>
                  </svg>
                </div>
              </div>
            </div>
          </div>
        </div>
      </div>
      <div
        className="c2 c3"
        data-component="radio-button"
      >
        <div
          checked={false}
          className="c4"
          name="test-group"
        >
          <div
            className="c5 "
          >
            <div
              className="c6 c7"
            >
              <div
                className="c8 c9"
              >
                <input
                  aria-checked={false}
                  aria-describedby="rId-1-help"
                  aria-labelledby="rId-1-label"
                  checked={false}
                  className="c10 c11"
                  id="rId-1"
                  name="test-group"
                  onBlur={[Function]}
                  onChange={[Function]}
                  onFocus={[Function]}
                  onMouseEnter={[Function]}
                  onMouseLeave={[Function]}
                  role="radio"
                  type="radio"
                  value="test-2"
                />
                <div
                  className=""
                >
                  <svg
                    focusable="false"
                    viewBox="0 0 15 15"
                  >
                    <g
                      fill="none"
                      fillRule="evenodd"
                      stroke="none"
                      strokeWidth="1"
                    >
                      <circle
                        className="radio-button-check"
                        cx="7.5"
                        cy="7.5"
                        fill="#FFFFFF"
                        r="5"
                      />
                    </g>
                  </svg>
                </div>
              </div>
            </div>
          </div>
        </div>
      </div>
    </div>
  </div>
</fieldset>
`;
