// Jest Snapshot v1, https://goo.gl/fbAQLP

exports[`Checkbox base theme renders as expected 1`] = `
.c2 + .c2 {
  margin-top: 16px;
}

.c4 {
  display: -webkit-box;
  display: -webkit-flex;
  display: -ms-flexbox;
  display: flex;
}

.c8 {
  cursor: pointer;
  opacity: 0;
  margin: 0;
  position: relative;
  z-index: 999;
}

.c6 {
  display: inline-block;
  position: relative;
}

.c1 .c3 {
  display: -webkit-box;
  display: -webkit-flex;
  display: -ms-flexbox;
  display: flex;
}

.c1 .sc-jSFjdj {
  -webkit-box-pack: start;
  -webkit-justify-content: flex-start;
  -ms-flex-pack: start;
  justify-content: flex-start;
  padding-top: 0;
  width: auto;
}

.c1 .sc-jSFjdj .sc-iCoGMd,
.c1 .sc-jSFjdj .sc-fujyAs {
  color: rgba(0,0,0,0.65);
  vertical-align: middle;
}

.c1 .sc-jSFjdj .sc-iCoGMd:hover,
.c1 .sc-jSFjdj .sc-fujyAs:hover,
.c1 .sc-jSFjdj .sc-iCoGMd:focus,
.c1 .sc-jSFjdj .sc-fujyAs:focus {
  color: rgba(0,0,0,0.9);
}

.c1 .sc-bdnxRM {
  -webkit-flex-basis: 100%;
  -ms-flex-preferred-size: 100%;
  flex-basis: 100%;
}

.c0 .c5 {
  padding-top: 1px;
}

.c0 .{
  height: 16px;
}

.c0 svg {
  background-color: #FFFFFF;
  border: 1px solid #668592;
}

.c0 .c7,
.c0 svg {
  height: 16px;
  position: absolute;
  padding: 1px;
}

.c0 .c5,
.c0 .c7,
.c0 .,
.c0 svg {
  box-sizing: border-box;
  min-width: 16px;
  width: 16px;
}

.c0 .c7:not([disabled]):focus + .,
.c0 .c7:not([disabled]):hover + .{
  box-shadow: 0 0 0 3px #FFB500;
}

.c0 .sc-jSFjdj {
  width: auto;
  -webkit-flex: 0 1 auto;
  -ms-flex: 0 1 auto;
  flex: 0 1 auto;
}

.c0 .sc-bdnxRM {
  margin-left: 16px;
  margin-top: 0;
  padding-left: 8px;
}

.c0 .sc-fujyAs {
  position: relative;
  display: inline-block;
}

.c0 .c7:checked ~ .svg path {
  fill: rgba(0,0,0,0.90);
}

<div
  className="c0"
  data-component="checkbox"
  name="my-checkbox"
>
  <div
    className="c1"
    name="my-checkbox"
  >
    <div
      className="c2 "
    >
      <div
        className="c3 c4"
      >
        <div
          className="c5 c6"
        >
          <input
            aria-describedby="guid-12345-help"
            aria-labelledby="guid-12345-label"
            className="c7 c8"
            id="guid-12345"
            name="my-checkbox"
            onBlur={[Function]}
            onFocus={[Function]}
            onMouseEnter={[Function]}
            onMouseLeave={[Function]}
            role="checkbox"
            type="checkbox"
            value="test"
          />
          <div
            className=""
          >
            <svg
              focusable="false"
              height="10"
              viewBox="0 0 12 10"
              width="12"
            >
              <path
                d="M.237 6.477A.752.752 0 0 1 .155 5.47l.851-1.092a.63.63 0 0 1 .934-.088l2.697 1.964, 4.674-6a.63.63 0 0 1 .933-.088l1.015.917c.28.254.317.703.081 1.005L6.353 8.492a.725.725, 0 0 1-.095.16l-.85 1.093a.637.637 0 0 1-.626.244.638.638 0 0 1-.335-.16L.237 6.476z"
                fill="#FFFFFF"
                fillRule="evenodd"
              />
            </svg>
          </div>
        </div>
      </div>
    </div>
  </div>
</div>
`;
