// Jest Snapshot v1, https://goo.gl/fbAQLP

exports[`CheckboxGroup renders as expected 1`] = `
.c5 + .c5 {
  margin-top: 16px;
}

.c7 {
  display: -webkit-box;
  display: -webkit-flex;
  display: -ms-flexbox;
  display: flex;
}

.c11 {
  cursor: pointer;
  opacity: 0;
  margin: 0;
  position: relative;
  z-index: 999;
}

.c9 {
  display: inline-block;
  position: relative;
}

.c4 .c6 {
  display: -webkit-box;
  display: -webkit-flex;
  display: -ms-flexbox;
  display: flex;
}

.c4 .sc-jSFjdj {
  -webkit-box-pack: start;
  -webkit-justify-content: flex-start;
  -ms-flex-pack: start;
  justify-content: flex-start;
  padding-top: 0;
  width: auto;
}

.c4 .sc-jSFjdj .sc-iCoGMd,
.c4 .sc-jSFjdj .sc-fujyAs {
  color: rgba(0,0,0,0.65);
  vertical-align: middle;
}

.c4 .sc-jSFjdj .sc-iCoGMd:hover,
.c4 .sc-jSFjdj .sc-fujyAs:hover,
.c4 .sc-jSFjdj .sc-iCoGMd:focus,
.c4 .sc-jSFjdj .sc-fujyAs:focus {
  color: rgba(0,0,0,0.9);
}

.c4 .sc-bdnxRM {
  -webkit-flex-basis: 100%;
  -ms-flex-preferred-size: 100%;
  flex-basis: 100%;
}

.c3 .c8 {
  padding-top: 1px;
}

.c3 .{
  height: 16px;
}

.c3 svg {
  background-color: #FFFFFF;
  border: 1px solid #668592;
}

.c3 .c10,
.c3 svg {
  height: 16px;
  position: absolute;
  padding: 1px;
}

.c3 .c8,
.c3 .c10,
.c3 .,
.c3 svg {
  box-sizing: border-box;
  min-width: 16px;
  width: 16px;
}

.c3 .c10:not([disabled]):focus + .,
.c3 .c10:not([disabled]):hover + .{
  box-shadow: 0 0 0 3px #FFB500;
}

.c3 .sc-jSFjdj {
  width: auto;
  -webkit-flex: 0 1 auto;
  -ms-flex: 0 1 auto;
  flex: 0 1 auto;
}

.c3 .sc-bdnxRM {
  margin-left: 16px;
  margin-top: 0;
  padding-left: 8px;
}

.c3 .sc-fujyAs {
  position: relative;
  display: inline-block;
}

.c3 .c10:checked ~ .svg path {
  fill: rgba(0,0,0,0.90);
}

.c1 .sc-gKAaRy::before {
  font-size: 16px;
}

.c1 .c2 {
  padding-top: 12px;
}

.c1 > .c5 > .sc-jSFjdj {
  margin-bottom: 4px;
  vertical-align: middle;
}

.c1 > .c5 > .sc-jSFjdj .sc-fujyAs {
  display: inline-block;
}

.c0 {
  margin: 0;
  border: none;
  padding: 0;
  min-width: 0;
  min-inline-size: 0;
}

<fieldset
  className="c0"
  data-component="checkboxgroup"
>
  <div
    className=""
  >
    <div
      className="c1"
      data-component="checkbox-group"
    >
      <div
        className="c2 c3"
        data-component="checkbox"
        name="check-required"
      >
        <div
          className="c4"
          name="check-required"
        >
          <div
            className="c5 "
          >
            <div
              className="c6 c7"
            >
              <div
                className="c8 c9"
              >
                <input
                  aria-describedby="cId-required-help"
                  aria-labelledby="cId-required-label"
                  className="c10 c11"
                  id="cId-required"
                  name="check-required"
                  onBlur={[Function]}
                  onChange={[MockFunction]}
                  onFocus={[Function]}
                  onMouseEnter={[Function]}
                  onMouseLeave={[Function]}
                  role="checkbox"
                  type="checkbox"
                  value="required"
                />
                <div
                  className=""
                >
                  <svg
                    focusable="false"
                    height="10"
                    viewBox="0 0 12 10"
                    width="12"
                  >
                    <path
                      d="M.237 6.477A.752.752 0 0 1 .155 5.47l.851-1.092a.63.63 0 0 1 .934-.088l2.697 1.964, 4.674-6a.63.63 0 0 1 .933-.088l1.015.917c.28.254.317.703.081 1.005L6.353 8.492a.725.725, 0 0 1-.095.16l-.85 1.093a.637.637 0 0 1-.626.244.638.638 0 0 1-.335-.16L.237 6.476z"
                      fill="#FFFFFF"
                      fillRule="evenodd"
                    />
                  </svg>
                </div>
              </div>
            </div>
          </div>
        </div>
      </div>
      <div
        className="c2 c3"
        data-component="checkbox"
        name="check-optional"
      >
        <div
          className="c4"
          name="check-optional"
        >
          <div
            className="c5 "
          >
            <div
              className="c6 c7"
            >
              <div
                className="c8 c9"
              >
                <input
                  aria-describedby="cId-optional-help"
                  aria-labelledby="cId-optional-label"
                  className="c10 c11"
                  id="cId-optional"
                  name="check-optional"
                  onBlur={[Function]}
                  onChange={[MockFunction]}
                  onFocus={[Function]}
                  onMouseEnter={[Function]}
                  onMouseLeave={[Function]}
                  role="checkbox"
                  type="checkbox"
                  value="optional"
                />
                <div
                  className=""
                >
                  <svg
                    focusable="false"
                    height="10"
                    viewBox="0 0 12 10"
                    width="12"
                  >
                    <path
                      d="M.237 6.477A.752.752 0 0 1 .155 5.47l.851-1.092a.63.63 0 0 1 .934-.088l2.697 1.964, 4.674-6a.63.63 0 0 1 .933-.088l1.015.917c.28.254.317.703.081 1.005L6.353 8.492a.725.725, 0 0 1-.095.16l-.85 1.093a.637.637 0 0 1-.626.244.638.638 0 0 1-.335-.16L.237 6.476z"
                      fill="#FFFFFF"
                      fillRule="evenodd"
                    />
                  </svg>
                </div>
              </div>
            </div>
          </div>
        </div>
      </div>
    </div>
  </div>
</fieldset>
`;
